******************************************************************************
                  TI ARM Linker Unix v18.1.3                   
******************************************************************************
>> Linked Mon Oct  1 01:51:38 2018

OUTPUT FILE NAME:   <Listing46C.out>
ENTRY POINT SYMBOL: "_c_int00_noargs"  address: 0000062d


MEMORY CONFIGURATION

         name            origin    length      used     unused   attr    fill
----------------------  --------  ---------  --------  --------  ----  --------
  MAIN                  00000000   00080000  000006ca  0007f936  R  X
  INFO                  00200000   00008000  00000000  00008000  R  X
  SRAM_CODE             01000000   00020000  00000208  0001fdf8  RW X
  SRAM_DATA             20000000   00020000  00000208  0001fdf8  RW  


SEGMENT ALLOCATION MAP

run origin  load origin   length   init length attrs members
----------  ----------- ---------- ----------- ----- -------
00000000    00000000    000006d0   000006d0    r-x
  00000000    00000000    000000e4   000000e4    r-- .intvecs
  000000e4    000000e4    000005b6   000005b6    r-x .text
  000006a0    000006a0    00000030   00000030    r-- .cinit
20000000    20000000    00000008   00000000    rw-
  20000000    20000000    00000004   00000000    rw- .bss
  20000004    20000004    00000004   00000000    rw- .data
2001fe00    2001fe00    00000200   00000000    rw-
  2001fe00    2001fe00    00000200   00000000    rw- .stack


SECTION ALLOCATION MAP

 output                                  attributes/
section   page    origin      length       input sections
--------  ----  ----------  ----------   ----------------
.intvecs   0    00000000    000000e4     
                  00000000    000000e4     startup_msp432p401v_ccs.obj (.intvecs:retain)

.text      0    000000e4    000005b6     
                  000000e4    00000350     system_msp432p401v.obj (.text)
                  00000434    000000b0     main.obj (.text)
                  000004e4    0000009c     rtsv7M4_T_le_v4SPD16_eabi.lib : memcpy_t2.asm.obj (.text)
                  00000580    00000068                                   : copy_decompress_lzss.c.obj (.text:decompress:lzss:__TI_decompress_lzss)
                  000005e8    00000044                                   : autoinit.c.obj (.text:__TI_auto_init_nobinit_nopinit:__TI_auto_init_nobinit_nopinit)
                  0000062c    00000038                                   : boot_cortex_m.c.obj (.text:_c_int00_noargs:_c_int00_noargs)
                  00000664    00000012                                   : copy_zero_init.c.obj (.text:decompress:ZI:__TI_zero_init_nomemset:__TI_zero_init_nomemset)
                  00000676    0000000e                                   : copy_decompress_none.c.obj (.text:decompress:none:__TI_decompress_none)
                  00000684    0000000e     startup_msp432p401v_ccs.obj (.text)
                  00000692    00000004     rtsv7M4_T_le_v4SPD16_eabi.lib : pre_init.c.obj (.text:_system_pre_init)
                  00000696    00000004                                   : exit.c.obj (.text:abort:abort)

.cinit     0    000006a0    00000030     
                  000006a0    0000000c     (__TI_handler_table)
                  000006ac    00000004     --HOLE-- [fill = 0]
                  000006b0    00000008     (.cinit..bss.load) [load image, compression = zero_init]
                  000006b8    00000008     (.cinit..data.load) [load image, compression = lzss]
                  000006c0    00000010     (__TI_cinit_table)

.init_array 
*          0    00000000    00000000     UNINITIALIZED

.binit     0    00000000    00000000     

.bss       0    20000000    00000004     UNINITIALIZED
                  20000000    00000004     (.common:memlock)

.data      0    20000004    00000004     UNINITIALIZED
                  20000004    00000004     system_msp432p401v.obj (.data)

.stack     0    2001fe00    00000200     UNINITIALIZED
                  2001fe00    00000004     rtsv7M4_T_le_v4SPD16_eabi.lib : boot_cortex_m.c.obj (.stack)
                  2001fe04    000001fc     --HOLE--

MODULE SUMMARY

       Module                        code   ro data   rw data
       ------                        ----   -------   -------
    ./
       system_msp432p401v.obj        848    0         8      
       startup_msp432p401v_ccs.obj   14     228       0      
       main.obj                      176    0         8      
    +--+-----------------------------+------+---------+---------+
       Total:                        1038   228       16     
                                                             
    /Applications/ti/ccsv8/tools/compiler/ti-cgt-arm_18.1.3.LTS/lib/rtsv7M4_T_le_v4SPD16_eabi.lib
       memcpy_t2.asm.obj             156    0         0      
       copy_decompress_lzss.c.obj    104    0         0      
       autoinit.c.obj                68     0         0      
       boot_cortex_m.c.obj           56     0         0      
       copy_zero_init.c.obj          18     0         0      
       copy_decompress_none.c.obj    14     0         0      
       exit.c.obj                    4      0         0      
       pre_init.c.obj                4      0         0      
    +--+-----------------------------+------+---------+---------+
       Total:                        424    0         0      
                                                             
       Stack:                        0      0         1024   
       Linker Generated:             0      44        0      
    +--+-----------------------------+------+---------+---------+
       Grand Total:                  1462   272       1040   


LINKER GENERATED COPY TABLES

__TI_cinit_table @ 000006c0 records: 2, size/record: 8, table size: 16
	.bss: load addr=000006b0, load size=00000008 bytes, run addr=20000000, run size=00000004 bytes, compression=zero_init
	.data: load addr=000006b8, load size=00000008 bytes, run addr=20000004, run size=00000004 bytes, compression=lzss


LINKER GENERATED HANDLER TABLE

__TI_handler_table @ 000006a0 records: 3, size/record: 4, table size: 12
	index: 0, handler: __TI_decompress_lzss
	index: 1, handler: __TI_decompress_none
	index: 2, handler: __TI_zero_init


GLOBAL SYMBOLS: SORTED ALPHABETICALLY BY Name 

address   name                          
-------   ----                          
00000691  ADC14_IRQHandler              
00000691  AES256_IRQHandler             
00000691  BusFault_Handler              
00000697  C$$EXIT                       
00000691  COMP_E0_IRQHandler            
00000691  COMP_E1_IRQHandler            
00000691  CS_IRQHandler                 
00000691  DMA_ERR_IRQHandler            
00000691  DMA_INT0_IRQHandler           
00000691  DMA_INT1_IRQHandler           
00000691  DMA_INT2_IRQHandler           
00000691  DMA_INT3_IRQHandler           
00000691  DebugMon_Handler              
00000691  Default_Handler               
00000691  EUSCIA0_IRQHandler            
00000691  EUSCIA1_IRQHandler            
00000691  EUSCIA2_IRQHandler            
00000691  EUSCIB0_IRQHandler            
00000691  EUSCIB2_IRQHandler            
00000691  EUSCIB3_IRQHandler            
00000691  FLCTL_A_IRQHandler            
00000691  FPU_IRQHandler                
00000691  HardFault_Handler             
00000691  MemManage_Handler             
00000691  NMI_Handler                   
00000691  PCM_IRQHandler                
00000691  PORT1_IRQHandler              
00000691  PORT2_IRQHandler              
00000691  PORT3_IRQHandler              
00000691  PORT4_IRQHandler              
00000691  PORT5_IRQHandler              
00000691  PORT6_IRQHandler              
00000691  PSS_IRQHandler                
00000691  PendSV_Handler                
00000691  RTC_C_IRQHandler              
00000685  Reset_Handler                 
00000691  SVC_Handler                   
00000691  SysTick_Handler               
20000004  SystemCoreClock               
000000e5  SystemCoreClockUpdate         
0000035d  SystemInit                    
00000691  T32_INT1_IRQHandler           
00000691  T32_INT2_IRQHandler           
00000691  T32_INTC_IRQHandler           
00000691  TA0_0_IRQHandler              
00000691  TA0_N_IRQHandler              
00000691  TA1_0_IRQHandler              
00000691  TA1_N_IRQHandler              
00000691  TA2_0_IRQHandler              
00000691  TA2_N_IRQHandler              
00000691  UsageFault_Handler            
4000480c  WDTCTL_SYM                    
00000691  WDT_A_IRQHandler              
20020000  __STACK_END                   
00000200  __STACK_SIZE                  
000006c0  __TI_CINIT_Base               
000006d0  __TI_CINIT_Limit              
000006a0  __TI_Handler_Table_Base       
000006ac  __TI_Handler_Table_Limit      
000005e9  __TI_auto_init_nobinit_nopinit
00000581  __TI_decompress_lzss          
00000677  __TI_decompress_none          
ffffffff  __TI_pprof_out_hndl           
ffffffff  __TI_prof_data_size           
ffffffff  __TI_prof_data_start          
00000000  __TI_static_base__            
00000665  __TI_zero_init_nomemset       
000004e5  __aeabi_memcpy                
000004e5  __aeabi_memcpy4               
000004e5  __aeabi_memcpy8               
ffffffff  __binit__                     
ffffffff  __c_args__                    
UNDEFED   __mpu_init                    
2001fe00  __stack                       
0000062d  _c_int00_noargs               
UNDEFED   _system_post_cinit            
00000693  _system_pre_init              
00000697  abort                         
ffffffff  binit                         
00000000  interruptVectors              
000004ab  lock                          
00000435  main                          
000004e5  memcpy                        
20000000  memlock                       
000004c9  unlock                        


GLOBAL SYMBOLS: SORTED BY Symbol Address 

address   name                          
-------   ----                          
00000000  __TI_static_base__            
00000000  interruptVectors              
000000e5  SystemCoreClockUpdate         
00000200  __STACK_SIZE                  
0000035d  SystemInit                    
00000435  main                          
000004ab  lock                          
000004c9  unlock                        
000004e5  __aeabi_memcpy                
000004e5  __aeabi_memcpy4               
000004e5  __aeabi_memcpy8               
000004e5  memcpy                        
00000581  __TI_decompress_lzss          
000005e9  __TI_auto_init_nobinit_nopinit
0000062d  _c_int00_noargs               
00000665  __TI_zero_init_nomemset       
00000677  __TI_decompress_none          
00000685  Reset_Handler                 
00000691  ADC14_IRQHandler              
00000691  AES256_IRQHandler             
00000691  BusFault_Handler              
00000691  COMP_E0_IRQHandler            
00000691  COMP_E1_IRQHandler            
00000691  CS_IRQHandler                 
00000691  DMA_ERR_IRQHandler            
00000691  DMA_INT0_IRQHandler           
00000691  DMA_INT1_IRQHandler           
00000691  DMA_INT2_IRQHandler           
00000691  DMA_INT3_IRQHandler           
00000691  DebugMon_Handler              
00000691  Default_Handler               
00000691  EUSCIA0_IRQHandler            
00000691  EUSCIA1_IRQHandler            
00000691  EUSCIA2_IRQHandler            
00000691  EUSCIB0_IRQHandler            
00000691  EUSCIB2_IRQHandler            
00000691  EUSCIB3_IRQHandler            
00000691  FLCTL_A_IRQHandler            
00000691  FPU_IRQHandler                
00000691  HardFault_Handler             
00000691  MemManage_Handler             
00000691  NMI_Handler                   
00000691  PCM_IRQHandler                
00000691  PORT1_IRQHandler              
00000691  PORT2_IRQHandler              
00000691  PORT3_IRQHandler              
00000691  PORT4_IRQHandler              
00000691  PORT5_IRQHandler              
00000691  PORT6_IRQHandler              
00000691  PSS_IRQHandler                
00000691  PendSV_Handler                
00000691  RTC_C_IRQHandler              
00000691  SVC_Handler                   
00000691  SysTick_Handler               
00000691  T32_INT1_IRQHandler           
00000691  T32_INT2_IRQHandler           
00000691  T32_INTC_IRQHandler           
00000691  TA0_0_IRQHandler              
00000691  TA0_N_IRQHandler              
00000691  TA1_0_IRQHandler              
00000691  TA1_N_IRQHandler              
00000691  TA2_0_IRQHandler              
00000691  TA2_N_IRQHandler              
00000691  UsageFault_Handler            
00000691  WDT_A_IRQHandler              
00000693  _system_pre_init              
00000697  C$$EXIT                       
00000697  abort                         
000006a0  __TI_Handler_Table_Base       
000006ac  __TI_Handler_Table_Limit      
000006c0  __TI_CINIT_Base               
000006d0  __TI_CINIT_Limit              
20000000  memlock                       
20000004  SystemCoreClock               
2001fe00  __stack                       
20020000  __STACK_END                   
4000480c  WDTCTL_SYM                    
ffffffff  __TI_pprof_out_hndl           
ffffffff  __TI_prof_data_size           
ffffffff  __TI_prof_data_start          
ffffffff  __binit__                     
ffffffff  __c_args__                    
ffffffff  binit                         
UNDEFED   __mpu_init                    
UNDEFED   _system_post_cinit            

[85 symbols]
