******************************************************************************
                  TI ARM Linker Unix v18.1.3                   
******************************************************************************
>> Linked Sun Sep 30 22:03:17 2018

OUTPUT FILE NAME:   <Listing41Assembly.out>
ENTRY POINT SYMBOL: "_c_int00_noargs"  address: 0000057d


MEMORY CONFIGURATION

         name            origin    length      used     unused   attr    fill
----------------------  --------  ---------  --------  --------  ----  --------
  MAIN                  00000000   00080000  00000622  0007f9de  R  X
  INFO                  00200000   00008000  00000000  00008000  R  X
  SRAM_CODE             01000000   00020000  00000204  0001fdfc  RW X
  SRAM_DATA             20000000   00020000  00000204  0001fdfc  RW  


SEGMENT ALLOCATION MAP

run origin  load origin   length   init length attrs members
----------  ----------- ---------- ----------- ----- -------
00000000    00000000    00000628   00000628    r-x
  00000000    00000000    000000e4   000000e4    r-- .intvecs
  000000e4    000000e4    00000526   00000526    r-x .text
  00000610    00000610    00000018   00000018    r-- .cinit
20000000    20000000    00000004   00000000    rw-
  20000000    20000000    00000004   00000000    rw- .data
2001fe00    2001fe00    00000200   00000000    rw-
  2001fe00    2001fe00    00000200   00000000    rw- .stack


SECTION ALLOCATION MAP

 output                                  attributes/
section   page    origin      length       input sections
--------  ----  ----------  ----------   ----------------
.intvecs   0    00000000    000000e4     
                  00000000    000000e4     startup_msp432p401v_ccs.obj (.intvecs:retain)

.text      0    000000e4    00000526     
                  000000e4    00000350     system_msp432p401v.obj (.text)
                  00000434    0000009c     rtsv7M4_T_le_v4SPD16_eabi.lib : memcpy_t2.asm.obj (.text)
                  000004d0    00000068                                   : copy_decompress_lzss.c.obj (.text:decompress:lzss:__TI_decompress_lzss)
                  00000538    00000044                                   : autoinit.c.obj (.text:__TI_auto_init_nobinit_nopinit:__TI_auto_init_nobinit_nopinit)
                  0000057c    00000038                                   : boot_cortex_m.c.obj (.text:_c_int00_noargs:_c_int00_noargs)
                  000005b4    00000032     main.obj (.text)
                  000005e6    0000000e     rtsv7M4_T_le_v4SPD16_eabi.lib : copy_decompress_none.c.obj (.text:decompress:none:__TI_decompress_none)
                  000005f4    0000000e     startup_msp432p401v_ccs.obj (.text)
                  00000602    00000004     rtsv7M4_T_le_v4SPD16_eabi.lib : pre_init.c.obj (.text:_system_pre_init)
                  00000606    00000004                                   : exit.c.obj (.text:abort:abort)

.cinit     0    00000610    00000018     
                  00000610    00000008     (.cinit..data.load) [load image, compression = lzss]
                  00000618    00000008     (__TI_handler_table)
                  00000620    00000008     (__TI_cinit_table)

.init_array 
*          0    00000000    00000000     UNINITIALIZED

.binit     0    00000000    00000000     

.data      0    20000000    00000004     UNINITIALIZED
                  20000000    00000004     system_msp432p401v.obj (.data)

.stack     0    2001fe00    00000200     UNINITIALIZED
                  2001fe00    00000004     rtsv7M4_T_le_v4SPD16_eabi.lib : boot_cortex_m.c.obj (.stack)
                  2001fe04    000001fc     --HOLE--

MODULE SUMMARY

       Module                        code   ro data   rw data
       ------                        ----   -------   -------
    ./
       system_msp432p401v.obj        848    0         8      
       startup_msp432p401v_ccs.obj   14     228       0      
       main.obj                      50     0         0      
    +--+-----------------------------+------+---------+---------+
       Total:                        912    228       8      
                                                             
    /Applications/ti/ccsv8/tools/compiler/ti-cgt-arm_18.1.3.LTS/lib/rtsv7M4_T_le_v4SPD16_eabi.lib
       memcpy_t2.asm.obj             156    0         0      
       copy_decompress_lzss.c.obj    104    0         0      
       autoinit.c.obj                68     0         0      
       boot_cortex_m.c.obj           56     0         0      
       copy_decompress_none.c.obj    14     0         0      
       exit.c.obj                    4      0         0      
       pre_init.c.obj                4      0         0      
    +--+-----------------------------+------+---------+---------+
       Total:                        406    0         0      
                                                             
       Stack:                        0      0         1024   
       Linker Generated:             0      24        0      
    +--+-----------------------------+------+---------+---------+
       Grand Total:                  1318   252       1032   


LINKER GENERATED COPY TABLES

__TI_cinit_table @ 00000620 records: 1, size/record: 8, table size: 8
	.data: load addr=00000610, load size=00000008 bytes, run addr=20000000, run size=00000004 bytes, compression=lzss


LINKER GENERATED HANDLER TABLE

__TI_handler_table @ 00000618 records: 2, size/record: 4, table size: 8
	index: 0, handler: __TI_decompress_lzss
	index: 1, handler: __TI_decompress_none


GLOBAL SYMBOLS: SORTED ALPHABETICALLY BY Name 

address   name                          
-------   ----                          
00000601  ADC14_IRQHandler              
00000601  AES256_IRQHandler             
00000601  BusFault_Handler              
00000607  C$$EXIT                       
00000601  COMP_E0_IRQHandler            
00000601  COMP_E1_IRQHandler            
00000601  CS_IRQHandler                 
00000601  DMA_ERR_IRQHandler            
00000601  DMA_INT0_IRQHandler           
00000601  DMA_INT1_IRQHandler           
00000601  DMA_INT2_IRQHandler           
00000601  DMA_INT3_IRQHandler           
00000601  DebugMon_Handler              
00000601  Default_Handler               
00000601  EUSCIA0_IRQHandler            
00000601  EUSCIA1_IRQHandler            
00000601  EUSCIA2_IRQHandler            
00000601  EUSCIB0_IRQHandler            
00000601  EUSCIB2_IRQHandler            
00000601  EUSCIB3_IRQHandler            
00000601  FLCTL_A_IRQHandler            
00000601  FPU_IRQHandler                
00000601  HardFault_Handler             
00000601  MemManage_Handler             
00000601  NMI_Handler                   
00000601  PCM_IRQHandler                
00000601  PORT1_IRQHandler              
00000601  PORT2_IRQHandler              
00000601  PORT3_IRQHandler              
00000601  PORT4_IRQHandler              
00000601  PORT5_IRQHandler              
00000601  PORT6_IRQHandler              
00000601  PSS_IRQHandler                
00000601  PendSV_Handler                
00000601  RTC_C_IRQHandler              
000005f5  Reset_Handler                 
00000601  SVC_Handler                   
00000601  SysTick_Handler               
20000000  SystemCoreClock               
000000e5  SystemCoreClockUpdate         
0000035d  SystemInit                    
00000601  T32_INT1_IRQHandler           
00000601  T32_INT2_IRQHandler           
00000601  T32_INTC_IRQHandler           
00000601  TA0_0_IRQHandler              
00000601  TA0_N_IRQHandler              
00000601  TA1_0_IRQHandler              
00000601  TA1_N_IRQHandler              
00000601  TA2_0_IRQHandler              
00000601  TA2_N_IRQHandler              
00000601  UsageFault_Handler            
4000480c  WDTCTL_SYM                    
00000601  WDT_A_IRQHandler              
20020000  __STACK_END                   
00000200  __STACK_SIZE                  
00000620  __TI_CINIT_Base               
00000628  __TI_CINIT_Limit              
00000618  __TI_Handler_Table_Base       
00000620  __TI_Handler_Table_Limit      
00000539  __TI_auto_init_nobinit_nopinit
000004d1  __TI_decompress_lzss          
000005e7  __TI_decompress_none          
ffffffff  __TI_pprof_out_hndl           
ffffffff  __TI_prof_data_size           
ffffffff  __TI_prof_data_start          
00000000  __TI_static_base__            
00000435  __aeabi_memcpy                
00000435  __aeabi_memcpy4               
00000435  __aeabi_memcpy8               
ffffffff  __binit__                     
ffffffff  __c_args__                    
UNDEFED   __mpu_init                    
2001fe00  __stack                       
0000057d  _c_int00_noargs               
UNDEFED   _system_post_cinit            
00000603  _system_pre_init              
00000607  abort                         
ffffffff  binit                         
00000000  interruptVectors              
000005bd  main                          
00000435  memcpy                        


GLOBAL SYMBOLS: SORTED BY Symbol Address 

address   name                          
-------   ----                          
00000000  __TI_static_base__            
00000000  interruptVectors              
000000e5  SystemCoreClockUpdate         
00000200  __STACK_SIZE                  
0000035d  SystemInit                    
00000435  __aeabi_memcpy                
00000435  __aeabi_memcpy4               
00000435  __aeabi_memcpy8               
00000435  memcpy                        
000004d1  __TI_decompress_lzss          
00000539  __TI_auto_init_nobinit_nopinit
0000057d  _c_int00_noargs               
000005bd  main                          
000005e7  __TI_decompress_none          
000005f5  Reset_Handler                 
00000601  ADC14_IRQHandler              
00000601  AES256_IRQHandler             
00000601  BusFault_Handler              
00000601  COMP_E0_IRQHandler            
00000601  COMP_E1_IRQHandler            
00000601  CS_IRQHandler                 
00000601  DMA_ERR_IRQHandler            
00000601  DMA_INT0_IRQHandler           
00000601  DMA_INT1_IRQHandler           
00000601  DMA_INT2_IRQHandler           
00000601  DMA_INT3_IRQHandler           
00000601  DebugMon_Handler              
00000601  Default_Handler               
00000601  EUSCIA0_IRQHandler            
00000601  EUSCIA1_IRQHandler            
00000601  EUSCIA2_IRQHandler            
00000601  EUSCIB0_IRQHandler            
00000601  EUSCIB2_IRQHandler            
00000601  EUSCIB3_IRQHandler            
00000601  FLCTL_A_IRQHandler            
00000601  FPU_IRQHandler                
00000601  HardFault_Handler             
00000601  MemManage_Handler             
00000601  NMI_Handler                   
00000601  PCM_IRQHandler                
00000601  PORT1_IRQHandler              
00000601  PORT2_IRQHandler              
00000601  PORT3_IRQHandler              
00000601  PORT4_IRQHandler              
00000601  PORT5_IRQHandler              
00000601  PORT6_IRQHandler              
00000601  PSS_IRQHandler                
00000601  PendSV_Handler                
00000601  RTC_C_IRQHandler              
00000601  SVC_Handler                   
00000601  SysTick_Handler               
00000601  T32_INT1_IRQHandler           
00000601  T32_INT2_IRQHandler           
00000601  T32_INTC_IRQHandler           
00000601  TA0_0_IRQHandler              
00000601  TA0_N_IRQHandler              
00000601  TA1_0_IRQHandler              
00000601  TA1_N_IRQHandler              
00000601  TA2_0_IRQHandler              
00000601  TA2_N_IRQHandler              
00000601  UsageFault_Handler            
00000601  WDT_A_IRQHandler              
00000603  _system_pre_init              
00000607  C$$EXIT                       
00000607  abort                         
00000618  __TI_Handler_Table_Base       
00000620  __TI_CINIT_Base               
00000620  __TI_Handler_Table_Limit      
00000628  __TI_CINIT_Limit              
20000000  SystemCoreClock               
2001fe00  __stack                       
20020000  __STACK_END                   
4000480c  WDTCTL_SYM                    
ffffffff  __TI_pprof_out_hndl           
ffffffff  __TI_prof_data_size           
ffffffff  __TI_prof_data_start          
ffffffff  __binit__                     
ffffffff  __c_args__                    
ffffffff  binit                         
UNDEFED   __mpu_init                    
UNDEFED   _system_post_cinit            

[81 symbols]
